<html>
<body>
<pre>
<h1>µVision Build Log</h1>
<h2>Tool Versions:</h2>
IDE-Version: ¦ÌVision V5.36.0.0
Copyright (C) 2021 ARM Ltd and ARM Germany GmbH. All rights reserved.
License Information: 11 3290974, HP Inc., LIC=TIVNB-22SLF-TG27T-RPWGI-AANN4-I3DSE
 
Tool Versions:
Toolchain:       MDK-ARM Plus  Version: 5.36.0.0
Toolchain Path:  D:\Keil_v5-536\ARM\ARMCLANG\Bin
C Compiler:      ArmClang.exe V6.16
Assembler:       Armasm.exe V6.16
Linker/Locator:  ArmLink.exe V6.16
Library Manager: ArmAr.exe V6.16
Hex Converter:   FromElf.exe V6.16
CPU DLL:         SARMCM3.DLL V5.36.0.0
Dialog DLL:      DCM.DLL V1.17.3.0
Target DLL:      Segger\JL2CM3.dll V2.99.40.0
Dialog DLL:      TCM.DLL V1.53.0.0
 
<h2>Project:</h2>
F:\wjj\embodied_car\big_car\Fosu_WJJ__Professor_BigCar_Project\Big_Car\MDK-ARM\CtrlBoard-H7_IMU.uvprojx
Project File Date:  06/30/2026

<h2>Output:</h2>
*** Using Compiler 'V6.16', folder: 'D:\Keil_v5-536\ARM\ARMCLANG\Bin'
Build target 'CtrlBoard-H7_IMU'
compiling gpio.c...
compiling stm32h7xx_hal_flash.c...
compiling usart.c...
compiling stm32h7xx_hal_dma.c...
compiling stm32h7xx_hal_msp.c...
compiling dma.c...
compiling stm32h7xx_hal_pcd_ex.c...
compiling stm32h7xx_hal_hsem.c...
compiling fdcan.c...
compiling stm32h7xx_hal_dma_ex.c...
compiling stm32h7xx_hal_mdma.c...
compiling tim.c...
compiling stm32h7xx_hal_pcd.c...
compiling stm32h7xx_hal_flash_ex.c...
compiling stm32h7xx_hal_timebase_tim.c...
compiling stm32h7xx_hal_pwr.c...
compiling spi.c...
compiling stm32h7xx_it.c...
compiling stm32h7xx_hal_gpio.c...
compiling stm32h7xx_ll_usb.c...
compiling stm32h7xx_hal_cortex.c...
compiling freertos.c...
compiling stm32h7xx_hal_pwr_ex.c...
compiling stm32h7xx_hal_rcc.c...
../Core/Src/main.c(117): warning: implicit declaration of function 'PS2_Init' is invalid in C99 [-Wimplicit-function-declaration]
  PS2_Init();
  ^
1 warning generated.
compiling main.c...
compiling stm32h7xx_hal_rcc_ex.c...
compiling stm32h7xx_hal.c...
compiling stm32h7xx_hal_i2c_ex.c...
compiling stm32h7xx_hal_exti.c...
compiling stm32h7xx_hal_spi_ex.c...
compiling stm32h7xx_hal_spi.c...
compiling stm32h7xx_hal_fdcan.c...
compiling stm32h7xx_hal_uart_ex.c...
compiling system_stm32h7xx.c...
compiling BMI088Middleware.c...
compiling BMI088driver.c...
compiling stm32h7xx_hal_tim_ex.c...
compiling Remote_Control.c...
compiling stm32h7xx_hal_i2c.c...
compiling stm32h7xx_hal_uart.c...
compiling DJI_Motor.c...
compiling stm32h7xx_hal_tim.c...
compiling Unitree_Motor.c...
compiling DM_Motor.c...
compiling Stepper_Motor.c...
compiling PC_Comm.c...
compiling PS2_Device.c...
compiling QuaternionEKF.c...
compiling mahony_filter.c...
compiling VMC_calc.c...
compiling kalman_filter.c...
compiling CRC.c...
compiling timers.c...
compiling pid.c...
compiling croutine.c...
compiling tasks.c...
compiling list.c...
compiling event_groups.c...
compiling heap_4.c...
compiling port.c...
compiling cmsis_os.c...
compiling stream_buffer.c...
compiling queue.c...
compiling user_lib.c...
compiling FIFO.c...
compiling bsp_dwt.c...
compiling chassis_task.c...
compiling ps2_task.c...
compiling INS_task.c...
compiling bsp_PWM.c...
compiling bsp_can.c...
compiling bsp_uart.c...
compiling bsp_usb.c...
compiling usb_device.c...
compiling usbd_desc.c...
compiling controller.c...
compiling usbd_cdc_if.c...
compiling usbd_conf.c...
compiling usbd_ctlreq.c...
compiling usbd_core.c...
compiling usbd_ioreq.c...
compiling usbd_cdc.c...
linking...
Program Size: Code=98120 RO-data=1584 RW-data=3072 ZI-data=42992  
FromELF: creating hex file...
"CtrlBoard-H7_IMU\CtrlBoard-H7_IMU.axf" - 0 Error(s), 1 Warning(s).

<h2>Software Packages used:</h2>

Package Vendor: ARM
                http://www.keil.com/pack/ARM.CMSIS.5.8.0.pack
                ARM.CMSIS.5.8.0
                CMSIS (Common Microcontroller Software Interface Standard)
   * Component: CORE Version: 5.5.0

Package Vendor: Keil
                https://www.keil.com/pack/Keil.STM32H7xx_DFP.3.1.1.pack
                Keil.STM32H7xx_DFP.3.1.1
                STMicroelectronics STM32H7 Series Device Support and Examples

<h2>Collection of Component include folders:</h2>
  .\RTE\_CtrlBoard-H7_IMU
  D:\Keil_v5-536\Packs\ARM\CMSIS\5.8.0\CMSIS\Core\Include
  D:\Keil_v5-536\Packs\Keil\STM32H7xx_DFP\3.1.1\Drivers\CMSIS\Device\ST\STM32H7xx\Include

<h2>Collection of Component Files used:</h2>

   * Component: ARM::CMSIS:CORE:5.5.0
Build Time Elapsed:  00:00:03
</pre>
</body>
</html>
